// Jest Snapshot v1, https://goo.gl/fbAQLP

exports[`Pruebas en FirstApp Debe de hacer match con el snapshot 1`] = `
<div>
  <div
    data-testid="test-title"
  >
     
    Hola
     
  </div>
  <h2>
    No hay subtitulo
  </h2>
  <p>
    No hay nombre
  </p>
</div>
`;
